════════════════════════════════════════════════════════════════════
  Interactive Mode
════════════════════════════════════════════════════════════════════

[INFO] Checking prerequisites...
[SUCCESS] Prerequisites OK
[INFO] Creating backup: ./views_backup_20251127_031632
[INFO] Skipping completed: T0.1
[INFO] Skipping completed: T0.2
[TASK] Executing T0.3: Create demo section templates
[INFO] Creating demo section templates...
[SUCCESS] Demo setup complete!
[INFO] Start demo: ./component-refactor.sh --demo
[SUCCESS] Task T0.3 completed
[TASK] Executing T1.1: Parse basecoat.css for component classes
[INFO] Parsing basecoat.css for component classes...
[SUCCESS] Task T1.1 completed
[TASK] Executing T1.2: Scan Basecoat JS for behavior patterns
[INFO] Scanning Basecoat JS files...
[SUCCESS] Task T1.2 completed
[TASK] Executing T1.3: Inventory existing templ components
[INFO] Inventorying existing components...
[SUCCESS] Task T1.3 completed
[TASK] Executing T1.4: Map Basecoat vs Custom components
[INFO] Mapping Basecoat vs Custom components...
[SUCCESS] Task T1.4 completed
[TASK] Executing T1.5: Detect anti-patterns
[INFO] Detecting anti-patterns...
[SUCCESS] Task T1.5 completed
[TASK] Executing T1.6: Generate analysis report
[INFO] Generating analysis report...
[SUCCESS] Task T1.6 completed
[TASK] Executing T2.1: Define component API standards
[INFO] Defining component API standards...
[SUCCESS] Task T2.1 completed
[TASK] Executing T2.2: Create shared types (types.go)
[INFO] Creating shared types...
[SUCCESS] Task T2.2 completed
[TASK] Executing T2.3: Update helpers (helpers.go)
[INFO] Updating helper functions...
[SUCCESS] Task T2.3 completed
[TASK] Executing T2.4: Define refactoring priority
[INFO] Defining refactoring priority...
[SUCCESS] Task T2.4 completed
[TASK] Executing T2.5: Generate strategy report
[INFO] Generating strategy report...
[SUCCESS] Task T2.5 completed
[TASK] Executing T3.1: Create CSS directory structure
[INFO] Creating CSS directory structure...[0;32m[SUCCESS][0m Task T3.1 completed
[0;35m[TASK][0m Executing T3.2: Generate icon.css
[0;32m[SUCCESS][0m Task T3.2 completed
[0;35m[TASK][0m Executing T3.3: Generate kbd.css
[0;32m[SUCCESS][0m Task T3.3 completed
[0;35m[TASK][0m Executing T3.4: Generate code.css
[0;32m[SUCCESS][0m Task T3.4 completed
[0;35m[TASK][0m Executing T3.5: Generate link.css
[0;32m[SUCCESS][0m Task T3.5 completed
[0;35m[TASK][0m Executing T3.6: Generate divider.css
[0;32m[SUCCESS][0m Task T3.6 completed
[0;35m[TASK][0m Executing T3.7: Generate status-badge.css
[0;32m[SUCCESS][0m Task T3.7 completed
[0;35m[TASK][0m Executing T3.8: Generate pagination.css
[0;32m[SUCCESS][0m Task T3.8 completed
[0;35m[TASK][0m Executing T3.9: Generate empty-state.css
[0;32m[SUCCESS][0m Task T3.9 completed
[0;35m[TASK][0m Executing T3.10: Generate filter-chip.css
[0;32m[SUCCESS][0m Task T3.10 completed
[0;35m[TASK][0m Executing T3.11: Generate input-group.css
[0;32m[SUCCESS][0m Task T3.11 completed
[0;35m[TASK][0m Executing T3.12: Generate data-table.css
[0;32m[SUCCESS][0m Task T3.12 completed
[0;35m[TASK][0m Executing T3.13: Generate stats-card.css
[0;32m[SUCCESS][0m Task T3.13 completed
[0;35m[TASK][0m Executing T3.14: Generate wizard.css
[0;32m[SUCCESS][0m Task T3.14 completed
[0;35m[TASK][0m Executing T3.15: Generate breadcrumbs.css
[0;32m[SUCCESS][0m Task T3.15 completed
[0;35m[TASK][0m Executing T3.16: Generate layout CSS files
[0;34m[INFO][0m Generating layout CSS...
[0;34m[INFO][0m Checking prerequisites...
[0;32m[SUCCESS][0m Prerequisites OK
[0;35m[TASK][0m Executing T0.0: Read docs and clean up previous refactoring mess
[0;34m[INFO][0m Reading component docs and cleaning up refactoring mess...
[0;34m[INFO][0m Checking prerequisites...
[0;32m[SUCCESS][0m Prerequisites OK
[0;35m[TASK][0m Executing T0.0: Read docs and clean up previous refactoring mess
[0;34m[INFO][0m Reading component docs and cleaning up refactoring mess...

[1m════════════════════════════════════════════════════════════════════[0m
[1m  Component Refactoring Progress[0m
[1m════════════════════════════════════════════════════════════════════[0m


[1m════════════════════════════════════════════════════════════════════[0m
[1m  Resuming[0m
[1m════════════════════════════════════════════════════════════════════[0m

[0;34m[INFO][0m Checking prerequisites...
[0;32m[SUCCESS][0m Prerequisites OK
[0;34m[INFO][0m Resuming from: T0.0
[0;35m[TASK][0m Executing T0.0: Read docs and clean up previous refactoring mess
[0;34m[INFO][0m Reading component docs and cleaning up refactoring mess...

[1m════════════════════════════════════════════════════════════════════[0m
[1m  Resuming[0m
[1m════════════════════════════════════════════════════════════════════[0m

[0;34m[INFO][0m Checking prerequisites...
[0;32m[SUCCESS][0m Prerequisites OK
[0;34m[INFO][0m Resuming from: T3.16
[0;35m[TASK][0m Executing T3.16: Generate layout CSS files
[0;34m[INFO][0m Generating layout CSS...

[1m════════════════════════════════════════════════════════════════════[0m
[1m  Component Refactoring Progress[0m
[1m════════════════════════════════════════════════════════════════════[0m


[1m════════════════════════════════════════════════════════════════════[0m
[1m  Interactive Mode[0m
[1m════════════════════════════════════════════════════════════════════[0m

[0;34m[INFO][0m Checking prerequisites...
[0;32m[SUCCESS][0m Prerequisites OK

[1m════════════════════════════════════════════════════════════════════[0m
[1m  Interactive Mode[0m
[1m════════════════════════════════════════════════════════════════════[0m

[0;34m[INFO][0m Checking prerequisites...
[0;32m[SUCCESS][0m Prerequisites OK

[1m════════════════════════════════════════════════════════════════════[0m
[1m  Component Refactoring Progress[0m
[1m════════════════════════════════════════════════════════════════════[0m


[1m════════════════════════════════════════════════════════════════════[0m
[1m  Interactive Mode[0m
[1m════════════════════════════════════════════════════════════════════[0m

[0;34m[INFO][0m Checking prerequisites...
[0;32m[SUCCESS][0m Prerequisites OK
[0;34m[INFO][0m Creating backup: ./views_backup_20251127_141029
[0;34m[INFO][0m Skipping completed: T0.0
[0;34m[INFO][0m Skipping completed: T0.1
[0;34m[INFO][0m Skipping completed: T0.2
[0;34m[INFO][0m Skipping completed: T0.3
[0;34m[INFO][0m Skipping completed: T1.1
[0;34m[INFO][0m Skipping completed: T1.2
[0;34m[INFO][0m Skipping completed: T1.3
[0;34m[INFO][0m Skipping completed: T1.4
[0;34m[INFO][0m Skipping completed: T1.5
[0;34m[INFO][0m Skipping completed: T1.6
[0;34m[INFO][0m Skipping completed: T2.1
[0;34m[INFO][0m Skipping completed: T2.2
[0;34m[INFO][0m Skipping completed: T2.3
[0;34m[INFO][0m Skipping completed: T2.4
[0;34m[INFO][0m Skipping completed: T2.5
[0;34m[INFO][0m Skipping completed: T3.1
[0;34m[INFO][0m Skipping completed: T3.2
[0;34m[INFO][0m Skipping completed: T3.3
[0;34m[INFO][0m Skipping completed: T3.4
[0;34m[INFO][0m Skipping completed: T3.5
[0;34m[INFO][0m Skipping completed: T3.6
[0;34m[INFO][0m Skipping completed: T3.7
[0;34m[INFO][0m Skipping completed: T3.8
[0;34m[INFO][0m Skipping completed: T3.9
[0;34m[INFO][0m Skipping completed: T3.10
[0;34m[INFO][0m Skipping completed: T3.11
[0;34m[INFO][0m Skipping completed: T3.12
[0;34m[INFO][0m Skipping completed: T3.13
[0;34m[INFO][0m Skipping completed: T3.14
[0;34m[INFO][0m Skipping completed: T3.15
[0;35m[TASK][0m Executing T3.16: Generate layout CSS files
[0;34m[INFO][0m Generating layout CSS...
[0;32m[SUCCESS][0m Task T3.16 completed
[0;35m[TASK][0m Executing T3.17: Create components index.css
[0;34m[INFO][0m Creating components index.css...
[0;32m[SUCCESS][0m Task T3.17 completed
[0;35m[TASK][0m Executing T4.1: Refactor button.templ
[0;34m[INFO][0m Reading existing docs: ./views/docs/button.md
[0;32m[SUCCESS][0m Task T4.1 completed
[0;35m[TASK][0m Executing T4.2: Refactor input.templ
[0;34m[INFO][0m Reading existing docs: ./views/docs/input.md
[0;32m[SUCCESS][0m Task T4.2 completed
[0;35m[TASK][0m Executing T4.3: Refactor label.templ
[0;34m[INFO][0m Reading existing docs: ./views/docs/label.md
[0;32m[SUCCESS][0m Task T4.3 completed
[0;35m[TASK][0m Executing T4.4: Refactor icon.templ
[0;34m[INFO][0m No docs found for: icon
✓ T4.4 - Refactor icon.templ (completed)
[0;32m[SUCCESS][0m Task T4.4 completed
[0;35m[TASK][0m Executing T4.5: Refactor badge.templ
[0;34m[INFO][0m Reading existing docs: ./views/docs/badge.md
[0;32m[SUCCESS][0m Task T4.5 completed
[0;35m[TASK][0m Executing T4.6: Refactor spinner.templ
[0;34m[INFO][0m Reading existing docs: ./views/docs/spinner.md
[2025-11-27 15:56:54] [SUCCESS] Task T4.6 completed - Refactored spinner.templ with direct SVG implementation, animate-spin class, shared Size types, and comprehensive accessibility support
[0;32m[SUCCESS][0m Task T4.6 completed
[0;35m[TASK][0m Executing T4.7: Refactor separator.templ
[0;34m[INFO][0m No docs found for: separator
[1;33m[WARN][0m File not found: ./views/components/atoms/separator.templ
[0;32m[SUCCESS][0m Task T4.7 completed
[0;35m[TASK][0m Executing T4.8: Refactor avatar.templ
[0;34m[INFO][0m Reading existing docs: ./views/docs/avatar.md
[1;33m[WARN][0m Build failed, attempting fixes...
[0;34m[INFO][0m Build attempt 1/5...
[0;36m[FIX][0m Attempting fix (attempt 1)...
[0;34m[INFO][0m Build attempt 2/5...
[0;31m[ERROR][0m Build failed but couldn't extract errors
[0;31m[ERROR][0m Task T4.8 failed
[0;31m[ERROR][0m Failed at task: T4.8

[1m════════════════════════════════════════════════════════════════════[0m
[1m  Resuming[0m
[1m════════════════════════════════════════════════════════════════════[0m

[0;34m[INFO][0m Checking prerequisites...
[0;32m[SUCCESS][0m Prerequisites OK
[0;34m[INFO][0m Resuming from: T4.8
[0;35m[TASK][0m Executing T4.8: Refactor avatar.templ
[0;34m[INFO][0m Reading existing docs: ./views/docs/avatar.md
[SUCCESS] Task T4.8 completed: Refactor avatar.templ
[0;32m[SUCCESS][0m Task T4.8 completed
[0;35m[TASK][0m Executing T4.9: Refactor checkbox.templ
[0;34m[INFO][0m Reading existing docs: ./views/docs/checkbox.md

[1m════════════════════════════════════════════════════════════════════[0m
[1m  Interactive Mode[0m
[1m════════════════════════════════════════════════════════════════════[0m

[0;34m[INFO][0m Checking prerequisites...
[0;32m[SUCCESS][0m Prerequisites OK
[0;34m[INFO][0m Creating backup: ./views_backup_20251130_224516
[0;34m[INFO][0m Skipping completed: T0.0
[0;34m[INFO][0m Skipping completed: T0.1
[0;34m[INFO][0m Skipping completed: T0.2
[0;34m[INFO][0m Skipping completed: T0.3
[0;34m[INFO][0m Skipping completed: T1.1
[0;34m[INFO][0m Skipping completed: T1.2
[0;34m[INFO][0m Skipping completed: T1.3
[0;34m[INFO][0m Skipping completed: T1.4
[0;34m[INFO][0m Skipping completed: T1.5
[0;34m[INFO][0m Skipping completed: T1.6
[0;34m[INFO][0m Skipping completed: T2.1
[0;34m[INFO][0m Skipping completed: T2.2
[0;34m[INFO][0m Skipping completed: T2.3
[0;34m[INFO][0m Skipping completed: T2.4
[0;34m[INFO][0m Skipping completed: T2.5
[0;34m[INFO][0m Skipping completed: T3.1
[0;34m[INFO][0m Skipping completed: T3.2
[0;34m[INFO][0m Skipping completed: T3.3
[0;34m[INFO][0m Skipping completed: T3.4
[0;34m[INFO][0m Skipping completed: T3.5
[0;34m[INFO][0m Skipping completed: T3.6
[0;34m[INFO][0m Skipping completed: T3.7
[0;34m[INFO][0m Skipping completed: T3.8
[0;34m[INFO][0m Skipping completed: T3.9
[0;34m[INFO][0m Skipping completed: T3.10
[0;34m[INFO][0m Skipping completed: T3.11
[0;34m[INFO][0m Skipping completed: T3.12
[0;34m[INFO][0m Skipping completed: T3.13
[0;34m[INFO][0m Skipping completed: T3.14
[0;34m[INFO][0m Skipping completed: T3.15
[0;34m[INFO][0m Skipping completed: T3.16
[0;34m[INFO][0m Skipping completed: T3.17
[0;34m[INFO][0m Skipping completed: T4.1
[0;34m[INFO][0m Skipping completed: T4.2
[0;34m[INFO][0m Skipping completed: T4.3
[0;34m[INFO][0m Skipping completed: T4.4
[0;34m[INFO][0m Skipping completed: T4.5
[0;34m[INFO][0m Skipping completed: T4.6
[0;34m[INFO][0m Skipping completed: T4.7
[0;34m[INFO][0m Skipping completed: T4.8
[0;35m[TASK][0m Executing T4.9: Refactor checkbox.templ
[0;34m[INFO][0m Reading existing docs: ./views/docs/checkbox.md
[Sun Nov 30 22:58:18 EAT 2025] T4.9 - Refactor checkbox.templ: COMPLETED
[0;32m[SUCCESS][0m Task T4.9 completed
[0;35m[TASK][0m Executing T4.10: Refactor radio.templ
[0;34m[INFO][0m No docs found for: radio
[Sun Nov 30 23:03:12 EAT 2025] T4.10 - Refactor radio.templ: COMPLETED
[0;35m[TASK][0m Executing T4.11: Refactor select.templ
[Sun Nov 30 23:14:13 EAT 2025] T4.11 - Refactor select.templ: COMPLETED
[0;32m[SUCCESS][0m Task T4.10 completed
[0;35m[TASK][0m Executing T4.11: Refactor select.templ
[0;34m[INFO][0m Reading existing docs: ./views/docs/select.md
2025-11-30 23:21:13 - T4.11: select.templ refactor completed - Component already properly implemented
[0;32m[SUCCESS][0m Task T4.11 completed
[0;35m[TASK][0m Executing T4.12: Refactor textarea.templ
[0;34m[INFO][0m Reading existing docs: ./views/docs/textarea.md
T4.12 - Refactor textarea.templ: COMPLETED - Sun Nov 30 23:49:32 EAT 2025
