=== Fix Kitchen Sink Mon Dec  1 05:20:15 EAT 2025 ===
[0;34m[INFO][0m Checking prerequisites...
[0;32m[SUCCESS][0m Prerequisites OK

[1m════════════════════════════════════════════════════════════════════[0m
[1m  Comprehensive Analysis and Fix[0m
[1m════════════════════════════════════════════════════════════════════[0m

[0;35m[TASK][0m Discovering existing components...
[0;32m[SUCCESS][0m Created ./ruun-demo/COMPONENT_INVENTORY.md
[0;35m[TASK][0m Extracting component signatures...
[0;32m[SUCCESS][0m Created ./ruun-demo/COMPONENT_SIGNATURES.md
[0;35m[TASK][0m Collecting component documentation...
[0;32m[SUCCESS][0m Created ./ruun-demo/COMPONENT_DOCS.md
[1;33m[WARN][0m Layout primitives (Flex, Grid, Stack, Box) not found
[0;34m[INFO][0m Creating layout primitives...

[1m════════════════════════════════════════════════════════════════════[0m
[1m  Creating Missing Layout Primitives[0m
[1m════════════════════════════════════════════════════════════════════[0m

[0;35m[TASK][0m Creating layout.templ with Flex, Grid, Stack, Box, Center, Spacer, Divider...
[0;32m[SUCCESS][0m Created ./views/components/atoms/layout.templ
[0;35m[TASK][0m Creating text.templ...
[0;32m[SUCCESS][0m Created ./views/components/atoms/text.templ
[0;35m[TASK][0m Creating code.templ...
[0;32m[SUCCESS][0m Created ./views/components/atoms/code.templ
[0;35m[TASK][0m Discovering existing components...
[0;32m[SUCCESS][0m Created ./ruun-demo/COMPONENT_INVENTORY.md
[0;35m[TASK][0m Extracting component signatures...
[0;32m[SUCCESS][0m Created ./ruun-demo/COMPONENT_SIGNATURES.md
[0;35m[TASK][0m Fixing demo to match actual components...

[1m════════════════════════════════════════════════════════════════════[0m
[1m  Running Fix Loop[0m
[1m════════════════════════════════════════════════════════════════════[0m

[0;35m[TASK][0m Discovering existing components...
[0;32m[SUCCESS][0m Created ./ruun-demo/COMPONENT_INVENTORY.md
[0;35m[TASK][0m Extracting component signatures...
[0;32m[SUCCESS][0m Created ./ruun-demo/COMPONENT_SIGNATURES.md
[0;35m[TASK][0m Collecting component documentation...
[0;32m[SUCCESS][0m Created ./ruun-demo/COMPONENT_DOCS.md
[0;34m[INFO][0m Fix attempt 1/10...
