[1;33m[WARN][0m Build failed, attempting fixes...
[0;34m[INFO][0m Build attempt 1/5...
[0;31m[ERROR][0m Build failed - errors:
[0;35m[TASK][0m Generating demo layout...
[1;33m[WARN][0m Build failed, attempting fixes...
[0;34m[INFO][0m Build attempt 1/5...
[0;31m[ERROR][0m Build failed - errors:
[0;35m[TASK][0m Generating home page...
[1;33m[WARN][0m Build failed, attempting fixes...
[0;34m[INFO][0m Build attempt 1/5...
[0;31m[ERROR][0m Build failed - errors:
[0;35m[TASK][0m Generating atoms page...
[1;33m[WARN][0m Build failed, attempting fixes...
[0;34m[INFO][0m Build attempt 1/5...
[0;31m[ERROR][0m Build failed - errors:
[0;35m[TASK][0m Generating molecules page...
[1;33m[WARN][0m Build failed, attempting fixes...
[0;34m[INFO][0m Build attempt 1/5...
[0;31m[ERROR][0m Build failed - errors:
[0;35m[TASK][0m Generating organisms page...
[1;33m[WARN][0m Build failed, attempting fixes...
[0;34m[INFO][0m Build attempt 1/5...
[0;31m[ERROR][0m Build failed - errors:
[0;35m[TASK][0m Generating templates page...
[1;33m[WARN][0m Build failed, attempting fixes...
[0;34m[INFO][0m Build attempt 1/5...
[0;31m[ERROR][0m Build failed - errors:
[0;35m[TASK][0m Generating examples page...
[1;33m[WARN][0m Build failed, attempting fixes...
[0;34m[INFO][0m Build attempt 1/5...
[0;31m[ERROR][0m Build failed - errors:
[0;35m[TASK][0m Generating demo layout...
[1;33m[WARN][0m Build failed, attempting fixes...
[0;34m[INFO][0m Build attempt 1/5...
[0;31m[ERROR][0m Build failed - errors:
[0;35m[TASK][0m Generating home page...
[1;33m[WARN][0m Build failed, attempting fixes...
[0;34m[INFO][0m Build attempt 1/5...
[0;31m[ERROR][0m Build failed - errors:
[0;35m[TASK][0m Generating atoms page...
[1;33m[WARN][0m Build failed, attempting fixes...
[0;34m[INFO][0m Build attempt 1/5...
[0;31m[ERROR][0m Build failed - errors:
[0;35m[TASK][0m Generating molecules page...
[1;33m[WARN][0m Build failed, attempting fixes...
[0;34m[INFO][0m Build attempt 1/5...
[0;31m[ERROR][0m Build failed - errors:
[0;35m[TASK][0m Generating organisms page...
[1;33m[WARN][0m Build failed, attempting fixes...
[0;34m[INFO][0m Build attempt 1/5...
[0;31m[ERROR][0m Build failed - errors:
[0;35m[TASK][0m Generating templates page...
[1;33m[WARN][0m Build failed, attempting fixes...
[0;34m[INFO][0m Build attempt 1/5...
[0;31m[ERROR][0m Build failed - errors:
[0;35m[TASK][0m Generating examples page...
[1;33m[WARN][0m Build failed, attempting fixes...
[0;34m[INFO][0m Build attempt 1/5...
[0;31m[ERROR][0m Build failed - errors:
[0;34m[INFO][0m Final build verification...
[0;34m[INFO][0m Build attempt 1/5...
[0;31m[ERROR][0m Build failed - errors:

[1m════════════════════════════════════════════════════════════════════[0m
[1m  Generation Complete![0m
[1m════════════════════════════════════════════════════════════════════[0m

[0;32m[SUCCESS][0m Demo generated at: ./ruun-demo
[0;34m[INFO][0m Start server: cd ./ruun-demo && go run main.go
[0;34m[INFO][0m Or: ./kitchen-sink.sh --serve
[1;33m[WARN][0m Build failed, attempting fixes...
[0;34m[INFO][0m Build attempt 1/5...
[0;31m[ERROR][0m Build failed - errors:
[0;35m[TASK][0m Generating demo layout...
[1;33m[WARN][0m Build failed, attempting fixes...
[0;34m[INFO][0m Build attempt 1/5...
[0;31m[ERROR][0m Build failed - errors:
[0;35m[TASK][0m Generating home page...
